// Vitest Snapshot v1, https://vitest.dev/guide/snapshot.html

exports[`getServerEnv > valkeyConfig > should parse valkeyConfig and throw if prod and missing username/password 1`] = `
[ZodError: [
  {
    "code": "invalid_union",
    "unionErrors": [
      {
        "issues": [
          {
            "code": "invalid_type",
            "expected": "string",
            "received": "undefined",
            "path": [
              "valkeyConfig",
              "username"
            ],
            "message": "Required"
          },
          {
            "code": "invalid_type",
            "expected": "string",
            "received": "undefined",
            "path": [
              "valkeyConfig",
              "password"
            ],
            "message": "Required"
          }
        ],
        "name": "ZodError"
      },
      {
        "issues": [
          {
            "received": "prod-gcp",
            "code": "invalid_literal",
            "expected": "local",
            "path": [
              "valkeyConfig",
              "runtimeEnv"
            ],
            "message": "Invalid literal value, expected \\"local\\""
          }
        ],
        "name": "ZodError"
      }
    ],
    "path": [
      "valkeyConfig"
    ],
    "message": "Invalid input"
  }
]]
`;
