// Vitest Snapshot v1, https://vitest.dev/guide/snapshot.html

exports[`getServerEnv > valkeyConfig > should parse valkeyConfig and throw if prod and missing username/password 1`] = `
[ZodError: [
  {
    "code": "invalid_union",
    "errors": [
      [
        {
          "expected": "string",
          "code": "invalid_type",
          "path": [
            "username"
          ],
          "message": "Invalid input: expected string, received undefined"
        },
        {
          "expected": "string",
          "code": "invalid_type",
          "path": [
            "password"
          ],
          "message": "Invalid input: expected string, received undefined"
        }
      ],
      [
        {
          "code": "invalid_value",
          "values": [
            "local"
          ],
          "path": [
            "runtimeEnv"
          ],
          "message": "Invalid input: expected \\"local\\""
        }
      ]
    ],
    "path": [
      "valkeyConfig"
    ],
    "message": "Invalid input"
  }
]]
`;
